[     449ms] [LOG] %c[getTrigger] error: sound RolandTR909_bd not found! Is it loaded? background-color: black;color:white;border-radius:15px @ http://localhost:3000/node_modules/@strudel/web/dist/index.js:0
[     449ms] [LOG] %c[getTrigger] error: sound RolandTR909_hh not found! Is it loaded? background-color: black;color:white;border-radius:15px @ http://localhost:3000/node_modules/@strudel/web/dist/index.js:0
[     941ms] [LOG] %c[getTrigger] error: sound RolandTR909_sd not found! Is it loaded? background-color: black;color:white;border-radius:15px @ http://localhost:3000/node_modules/@strudel/web/dist/index.js:0
[     942ms] [LOG] %c[getTrigger] error: sound RolandTR909_hh not found! Is it loaded? background-color: black;color:white;border-radius:15px @ http://localhost:3000/node_modules/@strudel/web/dist/index.js:0
[    1448ms] [LOG] %c[getTrigger] error: sound RolandTR909_bd not found! Is it loaded? background-color: black;color:white;border-radius:15px @ http://localhost:3000/node_modules/@strudel/web/dist/index.js:0
[    1448ms] [LOG] %c[getTrigger] error: sound RolandTR909_hh not found! Is it loaded? background-color: black;color:white;border-radius:15px @ http://localhost:3000/node_modules/@strudel/web/dist/index.js:0
[    1940ms] [LOG] %c[getTrigger] error: sound RolandTR909_sd not found! Is it loaded? background-color: black;color:white;border-radius:15px @ http://localhost:3000/node_modules/@strudel/web/dist/index.js:0
[    1941ms] [LOG] %c[getTrigger] error: sound RolandTR909_hh not found! Is it loaded? background-color: black;color:white;border-radius:15px @ http://localhost:3000/node_modules/@strudel/web/dist/index.js:0
[    2447ms] [LOG] %c[getTrigger] error: sound RolandTR909_bd not found! Is it loaded? background-color: black;color:white;border-radius:15px @ http://localhost:3000/node_modules/@strudel/web/dist/index.js:0
[    2447ms] [LOG] %c[getTrigger] error: sound RolandTR909_hh not found! Is it loaded? background-color: black;color:white;border-radius:15px @ http://localhost:3000/node_modules/@strudel/web/dist/index.js:0
[    2941ms] [LOG] %c[getTrigger] error: sound RolandTR909_sd not found! Is it loaded? background-color: black;color:white;border-radius:15px @ http://localhost:3000/node_modules/@strudel/web/dist/index.js:0
[    2941ms] [LOG] %c[getTrigger] error: sound RolandTR909_hh not found! Is it loaded? background-color: black;color:white;border-radius:15px @ http://localhost:3000/node_modules/@strudel/web/dist/index.js:0
[    3448ms] [LOG] %c[getTrigger] error: sound RolandTR909_bd not found! Is it loaded? background-color: black;color:white;border-radius:15px @ http://localhost:3000/node_modules/@strudel/web/dist/index.js:0
[    3448ms] [LOG] %c[getTrigger] error: sound RolandTR909_hh not found! Is it loaded? background-color: black;color:white;border-radius:15px @ http://localhost:3000/node_modules/@strudel/web/dist/index.js:0
[    3939ms] [LOG] %c[getTrigger] error: sound RolandTR909_sd not found! Is it loaded? background-color: black;color:white;border-radius:15px @ http://localhost:3000/node_modules/@strudel/web/dist/index.js:0
[    3940ms] [LOG] %c[getTrigger] error: sound RolandTR909_hh not found! Is it loaded? background-color: black;color:white;border-radius:15px @ http://localhost:3000/node_modules/@strudel/web/dist/index.js:0
[    4449ms] [LOG] %c[getTrigger] error: sound RolandTR909_bd not found! Is it loaded? background-color: black;color:white;border-radius:15px @ http://localhost:3000/node_modules/@strudel/web/dist/index.js:0
[    4450ms] [LOG] %c[getTrigger] error: sound RolandTR909_hh not found! Is it loaded? background-color: black;color:white;border-radius:15px @ http://localhost:3000/node_modules/@strudel/web/dist/index.js:0
[    4955ms] [LOG] %c[getTrigger] error: sound RolandTR909_sd not found! Is it loaded? background-color: black;color:white;border-radius:15px @ http://localhost:3000/node_modules/@strudel/web/dist/index.js:0
[    4955ms] [LOG] %c[getTrigger] error: sound RolandTR909_hh not found! Is it loaded? background-color: black;color:white;border-radius:15px @ http://localhost:3000/node_modules/@strudel/web/dist/index.js:0
[    5449ms] [LOG] %c[getTrigger] error: sound RolandTR909_bd not found! Is it loaded? background-color: black;color:white;border-radius:15px @ http://localhost:3000/node_modules/@strudel/web/dist/index.js:0
[    5449ms] [LOG] %c[getTrigger] error: sound RolandTR909_hh not found! Is it loaded? background-color: black;color:white;border-radius:15px @ http://localhost:3000/node_modules/@strudel/web/dist/index.js:0
[    5943ms] [LOG] %c[getTrigger] error: sound RolandTR909_sd not found! Is it loaded? background-color: black;color:white;border-radius:15px @ http://localhost:3000/node_modules/@strudel/web/dist/index.js:0
[    5943ms] [LOG] %c[getTrigger] error: sound RolandTR909_hh not found! Is it loaded? background-color: black;color:white;border-radius:15px @ http://localhost:3000/node_modules/@strudel/web/dist/index.js:0
